// Jest Snapshot v1, https://goo.gl/fbAQLP

exports[`<Navbar/> test suit should the component correctly 1`] = `
<div
  className=""
>
  <nav
    className="bg-navBar shadow-2xl"
  >
    <div
      className="max-w-7xl mx-auto px-4 sm:px-6 lg:px-8 "
    >
      <div
        className="flex sm:justify-between lg:justify-start"
      >
        <div
          className="flex items-center"
        >
          <div
            className=""
          >
            <img
              alt="Workflow"
              className="h-14 w-auto"
              src="../assets/heroes/logo.png"
            />
          </div>
          <div
            className="hidden md:flex justify-between"
          >
            <div
              className="ml-10 flex items-baseline space-x-4"
            >
              <a
                aria-current={null}
                className="hover:bg-gray-700 text-white px-3 py-2 rounded-md text-sm font-medium"
                onClick={[Function]}
              >
                Marvel
              </a>
              <a
                aria-current={null}
                className="hover:bg-gray-700 text-white px-3 py-2 rounded-md text-sm font-medium"
                onClick={[Function]}
              >
                DC
              </a>
              <a
                aria-current={null}
                className="hover:bg-gray-700 text-white px-3 py-2 rounded-md text-sm font-medium"
                onClick={[Function]}
              >
                Search
              </a>
            </div>
            <div
              className=" flex items-baseline space-x-4"
            >
              <p
                className="hover:bg-gray-700 text-white px-3 py-2 rounded-md text-sm font-medium"
                id="userNameNav"
              >
                Cris
              </p>
              <button
                className="hover:bg-gray-700 text-white px-3 py-2 rounded-md text-sm font-medium"
                id="logout"
                onClick={[Function]}
              >
                Logout
              </button>
            </div>
          </div>
        </div>
        <div
          className="-mr-2 flex md:hidden"
        >
          <button
            aria-controls="mobile-menu"
            aria-expanded="false"
            className="inline-flex items-center justify-center pt-1 pb-1 pr-2 pl-2 rounded-md text-gray-400 hover:text-white hover:bg-gray-700 focus:outline-none focus:ring-2 focus:ring-offset-2 focus:ring-offset-gray-800 focus:ring-white"
            onClick={[Function]}
            type="button"
          >
            <span
              className="sr-only"
            >
              Open main menu
            </span>
            <svg
              aria-hidden="true"
              className="block h-6 w-6"
              fill="none"
              stroke="currentColor"
              viewBox="0 0 24 24"
              xmlns="http://www.w3.org/2000/svg"
            >
              <path
                d="M4 6h16M4 12h16M4 18h16"
                strokeLinecap="round"
                strokeLinejoin="round"
                strokeWidth="2"
              />
            </svg>
          </button>
        </div>
      </div>
    </div>
  </nav>
</div>
`;
